Last updated on: Mon Feb 23 09:30:56 UTC 2026
Last updated on: Mon Feb 23 09:34:35 UTC 2026
Last updated on: Mon Feb 23 17:50:05 UTC 2026
Last updated on: Mon Feb 23 18:49:22 UTC 2026
Last updated on: Tue Feb 24 03:12:33 UTC 2026
Last updated on: Wed Feb 25 03:13:18 UTC 2026
Last updated on: Thu Feb 26 02:52:46 UTC 2026
Last updated on: Fri Feb 27 02:50:29 UTC 2026
Last updated on: Sat Feb 28 02:38:25 UTC 2026
Last updated on: Sun Mar  1 03:22:02 UTC 2026
Last updated on: Mon Mar  2 02:52:04 UTC 2026
Last updated on: Tue Mar  3 03:12:12 UTC 2026
Last updated on: Wed Mar  4 02:48:39 UTC 2026
Last updated on: Thu Mar  5 02:51:24 UTC 2026
Last updated on: Fri Mar  6 02:49:18 UTC 2026
Last updated on: Sat Mar  7 02:42:52 UTC 2026
Last updated on: Sun Mar  8 03:10:39 UTC 2026
Last updated on: Mon Mar  9 03:13:41 UTC 2026
Last updated on: Tue Mar 10 02:48:17 UTC 2026
Last updated on: Wed Mar 11 02:47:59 UTC 2026
Last updated on: Thu Mar 12 02:53:08 UTC 2026
Last updated on: Fri Mar 13 02:50:41 UTC 2026
Last updated on: Sat Mar 14 02:49:16 UTC 2026
Last updated on: Sun Mar 15 03:29:18 UTC 2026
Last updated on: Mon Mar 16 03:31:45 UTC 2026
Last updated on: Tue Mar 17 02:53:14 UTC 2026
Last updated on: Wed Mar 18 03:17:51 UTC 2026
Last updated on: Thu Mar 19 03:18:34 UTC 2026
Last updated on: Fri Mar 20 02:52:12 UTC 2026
Last updated on: Sat Mar 21 02:45:49 UTC 2026
Last updated on: Sun Mar 22 03:19:08 UTC 2026
Last updated on: Mon Mar 23 03:21:54 UTC 2026
Last updated on: Tue Mar 24 03:11:23 UTC 2026
Last updated on: Wed Mar 25 03:16:17 UTC 2026
Last updated on: Thu Mar 26 03:25:15 UTC 2026
Last updated on: Fri Mar 27 03:27:46 UTC 2026
Last updated on: Sat Mar 28 03:14:07 UTC 2026
Last updated on: Sun Mar 29 03:33:05 UTC 2026
Last updated on: Mon Mar 30 03:35:58 UTC 2026
Last updated on: Tue Mar 31 03:27:03 UTC 2026
Last updated on: Wed Apr  1 03:41:19 UTC 2026
Last updated on: Thu Apr  2 03:23:37 UTC 2026
Last updated on: Fri Apr  3 03:25:11 UTC 2026
Last updated on: Sat Apr  4 03:13:11 UTC 2026
Last updated on: Sun Apr  5 03:35:10 UTC 2026
Last updated on: Mon Apr  6 03:37:10 UTC 2026
Last updated on: Tue Apr  7 03:28:12 UTC 2026
Last updated on: Wed Apr  8 03:29:42 UTC 2026
Last updated on: Thu Apr  9 03:25:50 UTC 2026
Last updated on: Fri Apr 10 03:37:43 UTC 2026
Last updated on: Sat Apr 11 03:16:50 UTC 2026
Last updated on: Sun Apr 12 03:43:37 UTC 2026
Last updated on: Mon Apr 13 03:50:14 UTC 2026
Last updated on: Tue Apr 14 03:37:31 UTC 2026
Last updated on: Wed Apr 15 03:36:48 UTC 2026
Last updated on: Thu Apr 16 03:44:19 UTC 2026
Last updated on: Fri Apr 17 03:41:40 UTC 2026
Last updated on: Sat Apr 18 03:27:52 UTC 2026
Last updated on: Sun Apr 19 03:47:28 UTC 2026
Last updated on: Mon Apr 20 03:49:26 UTC 2026
Last updated on: Tue Apr 21 03:43:06 UTC 2026
Last updated on: Wed Apr 22 03:37:46 UTC 2026
Last updated on: Thu Apr 23 03:43:21 UTC 2026
Last updated on: Fri Apr 24 03:46:52 UTC 2026
Last updated on: Sat Apr 25 03:29:41 UTC 2026
Last updated on: Sun Apr 26 03:53:03 UTC 2026
Last updated on: Mon Apr 27 03:56:58 UTC 2026
Last updated on: Tue Apr 28 04:02:20 UTC 2026
Last updated on: Wed Apr 29 03:59:23 UTC 2026
Last updated on: Thu Apr 30 04:00:30 UTC 2026
Last updated on: Fri May  1 04:12:35 UTC 2026
Last updated on: Sat May  2 03:47:56 UTC 2026
Last updated on: Sun May  3 04:07:39 UTC 2026
Last updated on: Mon May  4 04:04:22 UTC 2026
Last updated on: Tue May  5 03:46:24 UTC 2026
Last updated on: Wed May  6 04:00:38 UTC 2026
Last updated on: Thu May  7 04:00:03 UTC 2026
Last updated on: Fri May  8 03:50:30 UTC 2026
Last updated on: Sat May  9 03:52:19 UTC 2026
Last updated on: Sun May 10 04:10:07 UTC 2026
Last updated on: Mon May 11 04:20:50 UTC 2026
Last updated on: Tue May 12 04:02:08 UTC 2026
Last updated on: Wed May 13 04:09:46 UTC 2026
Last updated on: Thu May 14 04:09:25 UTC 2026
Last updated on: Fri May 15 04:14:34 UTC 2026
Last updated on: Sat May 16 03:57:33 UTC 2026
Last updated on: Sun May 17 04:17:29 UTC 2026
Last updated on: Mon May 18 04:38:28 UTC 2026
Last updated on: Tue May 19 04:21:29 UTC 2026
Last updated on: Wed May 20 04:33:21 UTC 2026
Last updated on: Thu May 21 04:40:42 UTC 2026
Last updated on: Fri May 22 04:33:20 UTC 2026
Last updated on: Sat May 23 04:05:08 UTC 2026
Last updated on: Sun May 24 04:35:48 UTC 2026
Last updated on: Mon May 25 04:47:22 UTC 2026
Last updated on: Tue May 26 04:22:17 UTC 2026
Last updated on: Wed May 27 04:45:06 UTC 2026
Last updated on: Thu May 28 04:35:37 UTC 2026
Last updated on: Fri May 29 04:38:58 UTC 2026
Last updated on: Sat May 30 04:13:59 UTC 2026
Last updated on: Sun May 31 04:47:50 UTC 2026
Last updated on: Mon Jun  1 05:12:12 UTC 2026
Last updated on: Tue Jun  2 04:57:53 UTC 2026
Last updated on: Wed Jun  3 05:08:42 UTC 2026
Last updated on: Thu Jun  4 05:01:29 UTC 2026
Last updated on: Fri Jun  5 04:44:12 UTC 2026
Last updated on: Sat Jun  6 04:16:55 UTC 2026
Last updated on: Sun Jun  7 04:53:15 UTC 2026
Last updated on: Mon Jun  8 04:58:56 UTC 2026
Last updated on: Tue Jun  9 04:20:59 UTC 2026
Last updated on: Wed Jun 10 04:43:00 UTC 2026
Last updated on: Thu Jun 11 04:56:11 UTC 2026
Last updated on: Fri Jun 12 04:59:09 UTC 2026
Last updated on: Sat Jun 13 04:45:58 UTC 2026
Last updated on: Sun Jun 14 05:03:07 UTC 2026
Last updated on: Mon Jun 15 05:24:21 UTC 2026
Last updated on: Tue Jun 16 05:28:02 UTC 2026
Last updated on: Wed Jun 17 05:10:29 UTC 2026
Last updated on: Thu Jun 18 04:58:27 UTC 2026
Last updated on: Fri Jun 19 05:20:28 UTC 2026
Last updated on: Sat Jun 20 04:38:11 UTC 2026
Last updated on: Sun Jun 21 05:15:56 UTC 2026
Last updated on: Mon Jun 22 05:26:19 UTC 2026
Last updated on: Tue Jun 23 04:17:30 UTC 2026
Last updated on: Wed Jun 24 04:21:45 UTC 2026
Last updated on: Thu Jun 25 04:20:41 UTC 2026
Last updated on: Fri Jun 26 04:36:44 UTC 2026
Last updated on: Sat Jun 27 04:13:29 UTC 2026
Last updated on: Sun Jun 28 04:46:22 UTC 2026
Last updated on: Mon Jun 29 04:56:37 UTC 2026
Last updated on: Tue Jun 30 04:21:38 UTC 2026
Last updated on: Wed Jul  1 04:50:17 UTC 2026
Last updated on: Thu Jul  2 04:18:01 UTC 2026
Last updated on: Fri Jul  3 04:04:22 UTC 2026
Last updated on: Sat Jul  4 03:57:45 UTC 2026
Last updated on: Sun Jul  5 04:16:55 UTC 2026
Last updated on: Mon Jul  6 04:35:39 UTC 2026
Last updated on: Tue Jul  7 04:13:28 UTC 2026
Last updated on: Wed Jul  8 03:39:00 UTC 2026
Last updated on: Thu Jul  9 04:09:32 UTC 2026
Last updated on: Fri Jul 10 04:09:35 UTC 2026
Last updated on: Sat Jul 11 03:36:49 UTC 2026
Last updated on: Sun Jul 12 03:50:55 UTC 2026
Last updated on: Mon Jul 13 03:53:43 UTC 2026
Last updated on: Tue Jul 14 03:28:08 UTC 2026
Last updated on: Wed Jul 15 03:27:46 UTC 2026
Last updated on: Thu Jul 16 03:31:43 UTC 2026
Last updated on: Fri Jul 17 03:32:18 UTC 2026
Last updated on: Sat Jul 18 03:25:33 UTC 2026
Last updated on: Sun Jul 19 03:47:15 UTC 2026
Last updated on: Mon Jul 20 03:58:42 UTC 2026
Last updated on: Tue Jul 21 03:39:07 UTC 2026
Last updated on: Wed Jul 22 03:39:20 UTC 2026
Last updated on: Thu Jul 23 03:38:48 UTC 2026
Last updated on: Fri Jul 24 03:38:09 UTC 2026
Last updated on: Sat Jul 25 03:33:21 UTC 2026
Last updated on: Sun Jul 26 03:50:43 UTC 2026
Last updated on: Mon Jul 27 03:57:50 UTC 2026
Last updated on: Tue Jul 28 03:30:05 UTC 2026
Last updated on: Wed Jul 29 03:32:47 UTC 2026
Last updated on: Thu Jul 30 03:22:10 UTC 2026
Last updated on: Fri Jul 31 03:46:15 UTC 2026
Last updated on: Sat Aug  1 03:45:38 UTC 2026
Last updated on: Sun Aug  2 03:47:52 UTC 2026
Last updated on: Mon Aug  3 03:49:23 UTC 2026
Last updated on: Tue Aug  4 03:32:10 UTC 2026
Last updated on: Wed Aug  5 03:27:45 UTC 2026
